Reading mortality matrix...
Successfully read mortality matrix

Initial population matrix:
-1 -1 -1 -1 -1 -1 -1 -1 -1 -1 -1 -1 -1 -1 -1 -1 -1 -1 -1 -1 -1 -1 -1 -1 -1 -1 -1
 1  1  1  1  1  1  1  1  1  1  1  1  1  1  1  1  1  1  1  1  1  1  1  1  1  1  1
 2  2  2  2  2  2  2  2  2  2  2  2  2  2  2  2  2  2  2  2  2  2  2  2  2  2  2
 3  3  3  3  3  3  3  3  3  3  3  3  3  3  3  3  3  3  3  3  3  3  3  3  3  3  3
 4  4  4  4  4  4  4  4  4  4  4  4  4  4  4  4  4  4  4  4  4  4  4  4  4  4  4
 5  5  5  5  5  5  5  5  5  5  5  5  5  5  5  5  5  5  5  5  5  5  5  5  5  5  5
 6  6  6  6  6  6  6  6  6  6  6  6  6  6  6  6  6  6  6  6  6  6  6  6  6  6  6
 7  7  7  7  7  7  7  7  7  7  7  7  7  7  7  7  7  7  7  7  7  7  7  7  7  7  7
 8  8  8  8  8  8  8  8  8  8  8  8  8  8  8  8  8  8  8  8  8  8  8  8  8  8  8
 9  9  9  9  9  9  9  9  9  9  9  9  9  9  9  9  9  9  9  9  9  9  9  9  9  9  9
10 10 10 10 10 10 10 10 10 10 10 10 10 10 10 10 10 10 10 10 10 10 10 10 10 10 10
11 11 11 11 11 11 11 11 11 11 11 11 11 11 11 11 11 11 11 11 11 11 11 11 11 11 11
12 12 12 12 12 12 12 12 12 12 12 12 12 12 12 12 12 12 12 12 12 12 12 12 12 12 12
13 13 13 13 13 13 13 13 13 13 13 13 13 13 13 13 13 13 13 13 13 13 13 13 13 13 13
14 14 14 14 14 14 14 14 14 14 14 14 14 14 14 14 14 14 14 14 14 14 14 14 14 14 14
15 15 15 15 15 15 15 15 15 15 15 15 15 15 15 15 15 15 15 15 15 15 15 15 15 15 15
16 16 16 16 16 16 16 16 16 16 16 16 16 16 16 16 16 16 16 16 16 16 16 16 16 16 16
17 17 17 17 17 17 17 17 17 17 17 17 17 17 17 17 17 17 17 17 17 17 17 17 17 17 17
18 18 18 18 18 18 18 18 18 18 18 18 18 18 18 18 18 18 18 18 18 18 18 18 18 18 18
19 19 19 19 19 19 19 19 19 19 19 19 19 19 19 19 19 19 19 19 19 19 19 19 19 19 19
20 20 20 20 20 20 20 20 20 20 20 20 20 20 20 20 20 20 20 20 20 20 20 20 20 20 20
21 21 21 21 21 21 21 21 21 21 21 21 21 21 21 21 21 21 21 21 21 21 21 21 21 21 21
22 22 22 22 22 22 22 22 22 22 22 22 22 22 22 22 22 22 22 22 22 22 22 22 22 22 22
23 23 23 23 23 23 23 23 23 23 23 23 23 23 23 23 23 23 23 23 23 23 23 23 23 23 23
24 24 24 24 24 24 24 24 24 24 24 24 24 24 24 24 24 24 24 24 24 24 24 24 24 24 24
25 25 25 25 25 25 25 25 25 25 25 25 25 25 25 25 25 25 25 25 25 25 25 25 25 25 25
26 26 26 26 26 26 26 26 26 26 26 26 26 26 26 26 26 26 26 26 26 26 26 26 26 26 26
27 27 27 27 27 27 27 27 27 27 27 27 27 27 27 27 27 27 27 27 27 27 27 27 27 27 27
28 28 28 28 28 28 28 28 28 28 28 28 28 28 28 28 28 28 28 28 28 28 28 28 28 28 28
29 29 29 29 29 29 29 29 29 29 29 29 29 29 29 29 29 29 29 29 29 29 29 29 29 29 29
30 30 30 30 30 30 30 30 30 30 30 30 30 30 30 30 30 30 30 30 30 30 30 30 30 30 30
31 31 31 31 31 31 31 31 31 31 31 31 31 31 31 31 31 31 31 31 31 31 31 31 31 31 31
32 32 32 32 32 32 32 32 32 32 32 32 32 32 32 32 32 32 32 32 32 32 32 32 32 32 32
33 33 33 33 33 33 33 33 33 33 33 33 33 33 33 33 33 33 33 33 33 33 33 33 33 33 33
34 34 34 34 34 34 34 34 34 34 34 34 34 34 34 34 34 34 34 34 34 34 34 34 34 34 34
35 35 35 35 35 35 35 35 35 35 35 35 35 35 35 35 35 35 35 35 35 35 35 35 35 35 35
36 36 36 36 36 36 36 36 36 36 36 36 36 36 36 36 36 36 36 36 36 36 36 36 36 36 36
37 37 37 37 37 37 37 37 37 37 37 37 37 37 37 37 37 37 37 37 37 37 37 37 37 37 37
38 38 38 38 38 38 38 38 38 38 38 38 38 38 38 38 38 38 38 38 38 38 38 38 38 38 38
39 39 39 39 39 39 39 39 39 39 39 39 39 39 39 39 39 39 39 39 39 39 39 39 39 39 39
40 40 40 40 40 40 40 40 40 40 40 40 40 40 40 40 40 40 40 40 40 40 40 40 40 40 40
41 41 41 41 41 41 41 41 41 41 41 41 41 41 41 41 41 41 41 41 41 41 41 41 41 41 41
42 42 42 42 42 42 42 42 42 42 42 42 42 42 42 42 42 42 42 42 42 42 42 42 42 42 42
43 43 43 43 43 43 43 43 43 43 43 43 43 43 43 43 43 43 43 43 43 43 43 43 43 43 43
44 44 44 44 44 44 44 44 44 44 44 44 44 44 44 44 44 44 44 44 44 44 44 44 44 44 44
45 45 45 45 45 45 45 45 45 45 45 45 45 45 45 45 45 45 45 45 45 45 45 45 45 45 45
46 46 46 46 46 46 46 46 46 46 46 46 46 46 46 46 46 46 46 46 46 46 46 46 46 46 46
47 47 47 47 47 47 47 47 47 47 47 47 47 47 47 47 47 47 47 47 47 47 47 47 47 47 47
48 48 48 48 48 48 48 48 48 48 48 48 48 48 48 48 48 48 48 48 48 48 48 48 48 48 48
49 49 49 49 49 49 49 49 49 49 49 49 49 49 49 49 49 49 49 49 49 49 49 49 49 49 49
50 50 50 50 50 50 50 50 50 50 50 50 50 50 50 50 50 50 50 50 50 50 50 50 50 50 50
51 51 51 51 51 51 51 51 51 51 51 51 51 51 51 51 51 51 51 51 51 51 51 51 51 51 51
52 52 52 52 52 52 52 52 52 52 52 52 52 52 52 52 52 52 52 52 52 52 52 52 52 52 52
53 53 53 53 53 53 53 53 53 53 53 53 53 53 53 53 53 53 53 53 53 53 53 53 53 53 53
54 54 54 54 54 54 54 54 54 54 54 54 54 54 54 54 54 54 54 54 54 54 54 54 54 54 54
55 55 55 55 55 55 55 55 55 55 55 55 55 55 55 55 55 55 55 55 55 55 55 55 55 55 55
56 56 56 56 56 56 56 56 56 56 56 56 56 56 56 56 56 56 56 56 56 56 56 56 56 56 56
57 57 57 57 57 57 57 57 57 57 57 57 57 57 57 57 57 57 57 57 57 57 57 57 57 57 57
58 58 58 58 58 58 58 58 58 58 58 58 58 58 58 58 58 58 58 58 58 58 58 58 58 58 58
59 59 59 59 59 59 59 59 59 59 59 59 59 59 59 59 59 59 59 59 59 59 59 59 59 59 59
60 60 60 60 60 60 60 60 60 60 60 60 60 60 60 60 60 60 60 60 60 60 60 60 60 60 60
61 61 61 61 61 61 61 61 61 61 61 61 61 61 61 61 61 61 61 61 61 61 61 61 61 61 61
62 62 62 62 62 62 62 62 62 62 62 62 62 62 62 62 62 62 62 62 62 62 62 62 62 62 62
63 63 63 63 63 63 63 63 63 63 63 63 63 63 63 63 63 63 63 63 63 63 63 63 63 63 63
64 64 64 64 64 64 64 64 64 64 64 64 64 64 64 64 64 64 64 64 64 64 64 64 64 64 64
65 65 65 65 65 65 65 65 65 65 65 65 65 65 65 65 65 65 65 65 65 65 65 65 65 65 65
66 66 66 66 66 66 66 66 66 66 66 66 66 66 66 66 66 66 66 66 66 66 66 66 66 66 66
67 67 67 67 67 67 67 67 67 67 67 67 67 67 67 67 67 67 67 67 67 67 67 67 67 67 67
68 68 68 68 68 68 68 68 68 68 68 68 68 68 68 68 68 68 68 68 68 68 68 68 68 68 68
69 69 69 69 69 69 69 69 69 69 69 69 69 69 69 69 69 69 69 69 69 69 69 69 69 69 69
70 70 70 70 70 70 70 70 70 70 70 70 70 70 70 70 70 70 70 70 70 70 70 70 70 70 70
71 71 71 71 71 71 71 71 71 71 71 71 71 71 71 71 71 71 71 71 71 71 71 71 71 71 71
72 72 72 72 72 72 72 72 72 72 72 72 72 72 72 72 72 72 72 72 72 72 72 72 72 72 72
73 73 73 73 73 73 73 73 73 73 73 73 73 73 73 73 73 73 73 73 73 73 73 73 73 73 73
74 74 74 74 74 74 74 74 74 74 74 74 74 74 74 74 74 74 74 74 74 74 74 74 74 74 74
75 75 75 75 75 75 75 75 75 75 75 75 75 75 75 75 75 75 75 75 75 75 75 75 75 75 75
76 76 76 76 76 76 76 76 76 76 76 76 76 76 76 76 76 76 76 76 76 76 76 76 76 76 76
77 77 77 77 77 77 77 77 77 77 77 77 77 77 77 77 77 77 77 77 77 77 77 77 77 77 77
78 78 78 78 78 78 78 78 78 78 78 78 78 78 78 78 78 78 78 78 78 78 78 78 78 78 78
79 79 79 79 79 79 79 79 79 79 79 79 79 79 79 79 79 79 79 79 79 79 79 79 79 79 79
80 80 80 80 80 80 80 80 80 80 80 80 80 80 80 80 80 80 80 80 80 80 80 80 80 80 80
81 81 81 81 81 81 81 81 81 81 81 81 81 81 81 81 81 81 81 81 81 81 81 81 81 81 81
82 82 82 82 82 82 82 82 82 82 82 82 82 82 82 82 82 82 82 82 82 82 82 82 82 82 82
83 83 83 83 83 83 83 83 83 83 83 83 83 83 83 83 83 83 83 83 83 83 83 83 83 83 83
84 84 84 84 84 84 84 84 84 84 84 84 84 84 84 84 84 84 84 84 84 84 84 84 84 84 84
85 85 85 85 85 85 85 85 85 85 85 85 85 85 85 85 85 85 85 85 85 85 85 85 85 85 85
-1 -1 -1 -1 -1 -1 -1 -1 -1 -1 -1 -1 -1 -1 -1 -1 -1 -1 -1 -1 -1 -1 -1 -1 -1 -1 -1

Running death forecast...

Death probability matrix:
          0           0           0           0           0           0           0           0           0           0           0           0           0           0           0           0           0           0           0           0           0           0           0           0           0           0           0
9.33459e-05 9.31548e-05 9.32428e-05 9.32022e-05 9.32209e-05 9.32123e-05 9.32163e-05 9.32145e-05 9.32153e-05 9.32149e-05 9.32151e-05  9.3215e-05 9.32151e-05  9.3215e-05  9.3215e-05  9.3215e-05  9.3215e-05  9.3215e-05  9.3215e-05  9.3215e-05  9.3215e-05  9.3215e-05  9.3215e-05  9.3215e-05  9.3215e-05  9.3215e-05  9.3215e-05
9.33459e-05 9.31548e-05 9.32428e-05 9.32022e-05 9.32209e-05 9.32123e-05 9.32163e-05 9.32145e-05 9.32153e-05 9.32149e-05 9.32151e-05  9.3215e-05 9.32151e-05  9.3215e-05  9.3215e-05  9.3215e-05  9.3215e-05  9.3215e-05  9.3215e-05  9.3215e-05  9.3215e-05  9.3215e-05  9.3215e-05  9.3215e-05  9.3215e-05  9.3215e-05  9.3215e-05
9.33459e-05 9.31548e-05 9.32428e-05 9.32022e-05 9.32209e-05 9.32123e-05 9.32163e-05 9.32145e-05 9.32153e-05 9.32149e-05 9.32151e-05  9.3215e-05 9.32151e-05  9.3215e-05  9.3215e-05  9.3215e-05  9.3215e-05  9.3215e-05  9.3215e-05  9.3215e-05  9.3215e-05  9.3215e-05  9.3215e-05  9.3215e-05  9.3215e-05  9.3215e-05  9.3215e-05
9.33459e-05 9.31548e-05 9.32428e-05 9.32022e-05 9.32209e-05 9.32123e-05 9.32163e-05 9.32145e-05 9.32153e-05 9.32149e-05 9.32151e-05  9.3215e-05 9.32151e-05  9.3215e-05  9.3215e-05  9.3215e-05  9.3215e-05  9.3215e-05  9.3215e-05  9.3215e-05  9.3215e-05  9.3215e-05  9.3215e-05  9.3215e-05  9.3215e-05  9.3215e-05  9.3215e-05
9.53571e-05 9.53133e-05 9.53334e-05 9.53241e-05 9.53284e-05 9.53265e-05 9.53274e-05 9.53269e-05 9.53271e-05  9.5327e-05 9.53271e-05 9.53271e-05 9.53271e-05 9.53271e-05 9.53271e-05 9.53271e-05 9.53271e-05 9.53271e-05 9.53271e-05 9.53271e-05 9.53271e-05 9.53271e-05 9.53271e-05 9.53271e-05 9.53271e-05 9.53271e-05 9.53271e-05
9.53571e-05 9.53133e-05 9.53334e-05 9.53241e-05 9.53284e-05 9.53265e-05 9.53274e-05 9.53269e-05 9.53271e-05  9.5327e-05 9.53271e-05 9.53271e-05 9.53271e-05 9.53271e-05 9.53271e-05 9.53271e-05 9.53271e-05 9.53271e-05 9.53271e-05 9.53271e-05 9.53271e-05 9.53271e-05 9.53271e-05 9.53271e-05 9.53271e-05 9.53271e-05 9.53271e-05
9.53571e-05 9.53133e-05 9.53334e-05 9.53241e-05 9.53284e-05 9.53265e-05 9.53274e-05 9.53269e-05 9.53271e-05  9.5327e-05 9.53271e-05 9.53271e-05 9.53271e-05 9.53271e-05 9.53271e-05 9.53271e-05 9.53271e-05 9.53271e-05 9.53271e-05 9.53271e-05 9.53271e-05 9.53271e-05 9.53271e-05 9.53271e-05 9.53271e-05 9.53271e-05 9.53271e-05
9.53571e-05 9.53133e-05 9.53334e-05 9.53241e-05 9.53284e-05 9.53265e-05 9.53274e-05 9.53269e-05 9.53271e-05  9.5327e-05 9.53271e-05 9.53271e-05 9.53271e-05 9.53271e-05 9.53271e-05 9.53271e-05 9.53271e-05 9.53271e-05 9.53271e-05 9.53271e-05 9.53271e-05 9.53271e-05 9.53271e-05 9.53271e-05 9.53271e-05 9.53271e-05 9.53271e-05
9.53571e-05 9.53133e-05 9.53334e-05 9.53241e-05 9.53284e-05 9.53265e-05 9.53274e-05 9.53269e-05 9.53271e-05  9.5327e-05 9.53271e-05 9.53271e-05 9.53271e-05 9.53271e-05 9.53271e-05 9.53271e-05 9.53271e-05 9.53271e-05 9.53271e-05 9.53271e-05 9.53271e-05 9.53271e-05 9.53271e-05 9.53271e-05 9.53271e-05 9.53271e-05 9.53271e-05
9.31014e-05 9.30281e-05 9.30619e-05 9.30463e-05 9.30535e-05 9.30502e-05 9.30517e-05  9.3051e-05 9.30514e-05 9.30512e-05 9.30513e-05 9.30512e-05 9.30513e-05 9.30513e-05 9.30513e-05 9.30513e-05 9.30513e-05 9.30513e-05 9.30513e-05 9.30513e-05 9.30513e-05 9.30513e-05 9.30513e-05 9.30513e-05 9.30513e-05 9.30513e-05 9.30513e-05
9.31014e-05 9.30281e-05 9.30619e-05 9.30463e-05 9.30535e-05 9.30502e-05 9.30517e-05  9.3051e-05 9.30514e-05 9.30512e-05 9.30513e-05 9.30512e-05 9.30513e-05 9.30513e-05 9.30513e-05 9.30513e-05 9.30513e-05 9.30513e-05 9.30513e-05 9.30513e-05 9.30513e-05 9.30513e-05 9.30513e-05 9.30513e-05 9.30513e-05 9.30513e-05 9.30513e-05
9.31014e-05 9.30281e-05 9.30619e-05 9.30463e-05 9.30535e-05 9.30502e-05 9.30517e-05  9.3051e-05 9.30514e-05 9.30512e-05 9.30513e-05 9.30512e-05 9.30513e-05 9.30513e-05 9.30513e-05 9.30513e-05 9.30513e-05 9.30513e-05 9.30513e-05 9.30513e-05 9.30513e-05 9.30513e-05 9.30513e-05 9.30513e-05 9.30513e-05 9.30513e-05 9.30513e-05
9.31014e-05 9.30281e-05 9.30619e-05 9.30463e-05 9.30535e-05 9.30502e-05 9.30517e-05  9.3051e-05 9.30514e-05 9.30512e-05 9.30513e-05 9.30512e-05 9.30513e-05 9.30513e-05 9.30513e-05 9.30513e-05 9.30513e-05 9.30513e-05 9.30513e-05 9.30513e-05 9.30513e-05 9.30513e-05 9.30513e-05 9.30513e-05 9.30513e-05 9.30513e-05 9.30513e-05
9.31014e-05 9.30281e-05 9.30619e-05 9.30463e-05 9.30535e-05 9.30502e-05 9.30517e-05  9.3051e-05 9.30514e-05 9.30512e-05 9.30513e-05 9.30512e-05 9.30513e-05 9.30513e-05 9.30513e-05 9.30513e-05 9.30513e-05 9.30513e-05 9.30513e-05 9.30513e-05 9.30513e-05 9.30513e-05 9.30513e-05 9.30513e-05 9.30513e-05 9.30513e-05 9.30513e-05
0.000121112 0.000120895 0.000120995 0.000120949  0.00012097  0.00012096 0.000120965 0.000120963 0.000120964 0.000120963 0.000120964 0.000120963 0.000120964 0.000120964 0.000120964 0.000120964 0.000120964 0.000120964 0.000120964 0.000120964 0.000120964 0.000120964 0.000120964 0.000120964 0.000120964 0.000120964 0.000120964
0.000121112 0.000120895 0.000120995 0.000120949  0.00012097  0.00012096 0.000120965 0.000120963 0.000120964 0.000120963 0.000120964 0.000120963 0.000120964 0.000120964 0.000120964 0.000120964 0.000120964 0.000120964 0.000120964 0.000120964 0.000120964 0.000120964 0.000120964 0.000120964 0.000120964 0.000120964 0.000120964
0.000121112 0.000120895 0.000120995 0.000120949  0.00012097  0.00012096 0.000120965 0.000120963 0.000120964 0.000120963 0.000120964 0.000120963 0.000120964 0.000120964 0.000120964 0.000120964 0.000120964 0.000120964 0.000120964 0.000120964 0.000120964 0.000120964 0.000120964 0.000120964 0.000120964 0.000120964 0.000120964
0.000121112 0.000120895 0.000120995 0.000120949  0.00012097  0.00012096 0.000120965 0.000120963 0.000120964 0.000120963 0.000120964 0.000120963 0.000120964 0.000120964 0.000120964 0.000120964 0.000120964 0.000120964 0.000120964 0.000120964 0.000120964 0.000120964 0.000120964 0.000120964 0.000120964 0.000120964 0.000120964
0.000121112 0.000120895 0.000120995 0.000120949  0.00012097  0.00012096 0.000120965 0.000120963 0.000120964 0.000120963 0.000120964 0.000120963 0.000120964 0.000120964 0.000120964 0.000120964 0.000120964 0.000120964 0.000120964 0.000120964 0.000120964 0.000120964 0.000120964 0.000120964 0.000120964 0.000120964 0.000120964
0.000141787 0.000141505 0.000141635 0.000141575 0.000141603  0.00014159 0.000141596 0.000141593 0.000141594 0.000141594 0.000141594 0.000141594 0.000141594 0.000141594 0.000141594 0.000141594 0.000141594 0.000141594 0.000141594 0.000141594 0.000141594 0.000141594 0.000141594 0.000141594 0.000141594 0.000141594 0.000141594
0.000141787 0.000141505 0.000141635 0.000141575 0.000141603  0.00014159 0.000141596 0.000141593 0.000141594 0.000141594 0.000141594 0.000141594 0.000141594 0.000141594 0.000141594 0.000141594 0.000141594 0.000141594 0.000141594 0.000141594 0.000141594 0.000141594 0.000141594 0.000141594 0.000141594 0.000141594 0.000141594
0.000141787 0.000141505 0.000141635 0.000141575 0.000141603  0.00014159 0.000141596 0.000141593 0.000141594 0.000141594 0.000141594 0.000141594 0.000141594 0.000141594 0.000141594 0.000141594 0.000141594 0.000141594 0.000141594 0.000141594 0.000141594 0.000141594 0.000141594 0.000141594 0.000141594 0.000141594 0.000141594
0.000141787 0.000141505 0.000141635 0.000141575 0.000141603  0.00014159 0.000141596 0.000141593 0.000141594 0.000141594 0.000141594 0.000141594 0.000141594 0.000141594 0.000141594 0.000141594 0.000141594 0.000141594 0.000141594 0.000141594 0.000141594 0.000141594 0.000141594 0.000141594 0.000141594 0.000141594 0.000141594
0.000141787 0.000141505 0.000141635 0.000141575 0.000141603  0.00014159 0.000141596 0.000141593 0.000141594 0.000141594 0.000141594 0.000141594 0.000141594 0.000141594 0.000141594 0.000141594 0.000141594 0.000141594 0.000141594 0.000141594 0.000141594 0.000141594 0.000141594 0.000141594 0.000141594 0.000141594 0.000141594
0.000175179 0.000174984 0.000175074 0.000175033 0.000175052 0.000175043 0.000175047 0.000175045 0.000175046 0.000175046 0.000175046 0.000175046 0.000175046 0.000175046 0.000175046 0.000175046 0.000175046 0.000175046 0.000175046 0.000175046 0.000175046 0.000175046 0.000175046 0.000175046 0.000175046 0.000175046 0.000175046
0.000175179 0.000174984 0.000175074 0.000175033 0.000175052 0.000175043 0.000175047 0.000175045 0.000175046 0.000175046 0.000175046 0.000175046 0.000175046 0.000175046 0.000175046 0.000175046 0.000175046 0.000175046 0.000175046 0.000175046 0.000175046 0.000175046 0.000175046 0.000175046 0.000175046 0.000175046 0.000175046
0.000175179 0.000174984 0.000175074 0.000175033 0.000175052 0.000175043 0.000175047 0.000175045 0.000175046 0.000175046 0.000175046 0.000175046 0.000175046 0.000175046 0.000175046 0.000175046 0.000175046 0.000175046 0.000175046 0.000175046 0.000175046 0.000175046 0.000175046 0.000175046 0.000175046 0.000175046 0.000175046
0.000175179 0.000174984 0.000175074 0.000175033 0.000175052 0.000175043 0.000175047 0.000175045 0.000175046 0.000175046 0.000175046 0.000175046 0.000175046 0.000175046 0.000175046 0.000175046 0.000175046 0.000175046 0.000175046 0.000175046 0.000175046 0.000175046 0.000175046 0.000175046 0.000175046 0.000175046 0.000175046
0.000175179 0.000174984 0.000175074 0.000175033 0.000175052 0.000175043 0.000175047 0.000175045 0.000175046 0.000175046 0.000175046 0.000175046 0.000175046 0.000175046 0.000175046 0.000175046 0.000175046 0.000175046 0.000175046 0.000175046 0.000175046 0.000175046 0.000175046 0.000175046 0.000175046 0.000175046 0.000175046
0.000251172 0.000250856 0.000251002 0.000250935 0.000250966 0.000250951 0.000250958 0.000250955 0.000250956 0.000250956 0.000250956 0.000250956 0.000250956 0.000250956 0.000250956 0.000250956 0.000250956 0.000250956 0.000250956 0.000250956 0.000250956 0.000250956 0.000250956 0.000250956 0.000250956 0.000250956 0.000250956
0.000251172 0.000250856 0.000251002 0.000250935 0.000250966 0.000250951 0.000250958 0.000250955 0.000250956 0.000250956 0.000250956 0.000250956 0.000250956 0.000250956 0.000250956 0.000250956 0.000250956 0.000250956 0.000250956 0.000250956 0.000250956 0.000250956 0.000250956 0.000250956 0.000250956 0.000250956 0.000250956
0.000251172 0.000250856 0.000251002 0.000250935 0.000250966 0.000250951 0.000250958 0.000250955 0.000250956 0.000250956 0.000250956 0.000250956 0.000250956 0.000250956 0.000250956 0.000250956 0.000250956 0.000250956 0.000250956 0.000250956 0.000250956 0.000250956 0.000250956 0.000250956 0.000250956 0.000250956 0.000250956
0.000251172 0.000250856 0.000251002 0.000250935 0.000250966 0.000250951 0.000250958 0.000250955 0.000250956 0.000250956 0.000250956 0.000250956 0.000250956 0.000250956 0.000250956 0.000250956 0.000250956 0.000250956 0.000250956 0.000250956 0.000250956 0.000250956 0.000250956 0.000250956 0.000250956 0.000250956 0.000250956
0.000251172 0.000250856 0.000251002 0.000250935 0.000250966 0.000250951 0.000250958 0.000250955 0.000250956 0.000250956 0.000250956 0.000250956 0.000250956 0.000250956 0.000250956 0.000250956 0.000250956 0.000250956 0.000250956 0.000250956 0.000250956 0.000250956 0.000250956 0.000250956 0.000250956 0.000250956 0.000250956
0.000328668 0.000328113 0.000328368 0.000328251 0.000328305  0.00032828 0.000328291 0.000328286 0.000328288 0.000328287 0.000328288 0.000328288 0.000328288 0.000328288 0.000328288 0.000328288 0.000328288 0.000328288 0.000328288 0.000328288 0.000328288 0.000328288 0.000328288 0.000328288 0.000328288 0.000328288 0.000328288
0.000328668 0.000328113 0.000328368 0.000328251 0.000328305  0.00032828 0.000328291 0.000328286 0.000328288 0.000328287 0.000328288 0.000328288 0.000328288 0.000328288 0.000328288 0.000328288 0.000328288 0.000328288 0.000328288 0.000328288 0.000328288 0.000328288 0.000328288 0.000328288 0.000328288 0.000328288 0.000328288
0.000328668 0.000328113 0.000328368 0.000328251 0.000328305  0.00032828 0.000328291 0.000328286 0.000328288 0.000328287 0.000328288 0.000328288 0.000328288 0.000328288 0.000328288 0.000328288 0.000328288 0.000328288 0.000328288 0.000328288 0.000328288 0.000328288 0.000328288 0.000328288 0.000328288 0.000328288 0.000328288
0.000328668 0.000328113 0.000328368 0.000328251 0.000328305  0.00032828 0.000328291 0.000328286 0.000328288 0.000328287 0.000328288 0.000328288 0.000328288 0.000328288 0.000328288 0.000328288 0.000328288 0.000328288 0.000328288 0.000328288 0.000328288 0.000328288 0.000328288 0.000328288 0.000328288 0.000328288 0.000328288
0.000328668 0.000328113 0.000328368 0.000328251 0.000328305  0.00032828 0.000328291 0.000328286 0.000328288 0.000328287 0.000328288 0.000328288 0.000328288 0.000328288 0.000328288 0.000328288 0.000328288 0.000328288 0.000328288 0.000328288 0.000328288 0.000328288 0.000328288 0.000328288 0.000328288 0.000328288 0.000328288
0.000546539 0.000544953 0.000543857 0.000543098 0.000542574  0.00054221 0.000541958 0.000541784 0.000541663 0.000541579 0.000541521 0.000541481 0.000541453 0.000541434  0.00054142 0.000541411 0.000541405   0.0005414 0.000541397 0.000541395 0.000541394 0.000541393 0.000541392 0.000541391 0.000541391 0.000541391 0.000541391
0.000546539 0.000544953 0.000543857 0.000543098 0.000542574  0.00054221 0.000541958 0.000541784 0.000541663 0.000541579 0.000541521 0.000541481 0.000541453 0.000541434  0.00054142 0.000541411 0.000541405   0.0005414 0.000541397 0.000541395 0.000541394 0.000541393 0.000541392 0.000541391 0.000541391 0.000541391 0.000541391
0.000546539 0.000544953 0.000543857 0.000543098 0.000542574  0.00054221 0.000541958 0.000541784 0.000541663 0.000541579 0.000541521 0.000541481 0.000541453 0.000541434  0.00054142 0.000541411 0.000541405   0.0005414 0.000541397 0.000541395 0.000541394 0.000541393 0.000541392 0.000541391 0.000541391 0.000541391 0.000541391
0.000546539 0.000544953 0.000543857 0.000543098 0.000542574  0.00054221 0.000541958 0.000541784 0.000541663 0.000541579 0.000541521 0.000541481 0.000541453 0.000541434  0.00054142 0.000541411 0.000541405   0.0005414 0.000541397 0.000541395 0.000541394 0.000541393 0.000541392 0.000541391 0.000541391 0.000541391 0.000541391
0.000546539 0.000544953 0.000543857 0.000543098 0.000542574  0.00054221 0.000541958 0.000541784 0.000541663 0.000541579 0.000541521 0.000541481 0.000541453 0.000541434  0.00054142 0.000541411 0.000541405   0.0005414 0.000541397 0.000541395 0.000541394 0.000541393 0.000541392 0.000541391 0.000541391 0.000541391 0.000541391
0.000951115 0.000948652 0.000946949 0.000945771 0.000944956 0.000944391    0.000944 0.000943729 0.000943541 0.000943411  0.00094332 0.000943258 0.000943215 0.000943185 0.000943164 0.000943149 0.000943139 0.000943133 0.000943128 0.000943124 0.000943122 0.000943121 0.000943119 0.000943119 0.000943118 0.000943118 0.000943118
0.000951115 0.000948652 0.000946949 0.000945771 0.000944956 0.000944391    0.000944 0.000943729 0.000943541 0.000943411  0.00094332 0.000943258 0.000943215 0.000943185 0.000943164 0.000943149 0.000943139 0.000943133 0.000943128 0.000943124 0.000943122 0.000943121 0.000943119 0.000943119 0.000943118 0.000943118 0.000943118
0.000951115 0.000948652 0.000946949 0.000945771 0.000944956 0.000944391    0.000944 0.000943729 0.000943541 0.000943411  0.00094332 0.000943258 0.000943215 0.000943185 0.000943164 0.000943149 0.000943139 0.000943133 0.000943128 0.000943124 0.000943122 0.000943121 0.000943119 0.000943119 0.000943118 0.000943118 0.000943118
0.000951115 0.000948652 0.000946949 0.000945771 0.000944956 0.000944391    0.000944 0.000943729 0.000943541 0.000943411  0.00094332 0.000943258 0.000943215 0.000943185 0.000943164 0.000943149 0.000943139 0.000943133 0.000943128 0.000943124 0.000943122 0.000943121 0.000943119 0.000943119 0.000943118 0.000943118 0.000943118
0.000951115 0.000948652 0.000946949 0.000945771 0.000944956 0.000944391    0.000944 0.000943729 0.000943541 0.000943411  0.00094332 0.000943258 0.000943215 0.000943185 0.000943164 0.000943149 0.000943139 0.000943133 0.000943128 0.000943124 0.000943122 0.000943121 0.000943119 0.000943119 0.000943118 0.000943118 0.000943118
 0.00163971  0.00163556   0.0016327  0.00163071  0.00162934  0.00162838  0.00162773  0.00162727  0.00162695  0.00162673  0.00162658  0.00162648   0.0016264  0.00162635  0.00162632  0.00162629  0.00162628  0.00162626  0.00162626  0.00162625  0.00162625  0.00162624  0.00162624  0.00162624  0.00162624  0.00162624  0.00162624
 0.00163971  0.00163556   0.0016327  0.00163071  0.00162934  0.00162838  0.00162773  0.00162727  0.00162695  0.00162673  0.00162658  0.00162648   0.0016264  0.00162635  0.00162632  0.00162629  0.00162628  0.00162626  0.00162626  0.00162625  0.00162625  0.00162624  0.00162624  0.00162624  0.00162624  0.00162624  0.00162624
 0.00163971  0.00163556   0.0016327  0.00163071  0.00162934  0.00162838  0.00162773  0.00162727  0.00162695  0.00162673  0.00162658  0.00162648   0.0016264  0.00162635  0.00162632  0.00162629  0.00162628  0.00162626  0.00162626  0.00162625  0.00162625  0.00162624  0.00162624  0.00162624  0.00162624  0.00162624  0.00162624
 0.00163971  0.00163556   0.0016327  0.00163071  0.00162934  0.00162838  0.00162773  0.00162727  0.00162695  0.00162673  0.00162658  0.00162648   0.0016264  0.00162635  0.00162632  0.00162629  0.00162628  0.00162626  0.00162626  0.00162625  0.00162625  0.00162624  0.00162624  0.00162624  0.00162624  0.00162624  0.00162624
 0.00163971  0.00163556   0.0016327  0.00163071  0.00162934  0.00162838  0.00162773  0.00162727  0.00162695  0.00162673  0.00162658  0.00162648   0.0016264  0.00162635  0.00162632  0.00162629  0.00162628  0.00162626  0.00162626  0.00162625  0.00162625  0.00162624  0.00162624  0.00162624  0.00162624  0.00162624  0.00162624
 0.00259459  0.00258786   0.0025832  0.00257998  0.00257775  0.00257621  0.00257514   0.0025744  0.00257388  0.00257353  0.00257328  0.00257311  0.00257299  0.00257291  0.00257285  0.00257281  0.00257278  0.00257277  0.00257275  0.00257274  0.00257274  0.00257273  0.00257273  0.00257273  0.00257273  0.00257273  0.00257272
 0.00259459  0.00258786   0.0025832  0.00257998  0.00257775  0.00257621  0.00257514   0.0025744  0.00257388  0.00257353  0.00257328  0.00257311  0.00257299  0.00257291  0.00257285  0.00257281  0.00257278  0.00257277  0.00257275  0.00257274  0.00257274  0.00257273  0.00257273  0.00257273  0.00257273  0.00257273  0.00257272
 0.00259459  0.00258786   0.0025832  0.00257998  0.00257775  0.00257621  0.00257514   0.0025744  0.00257388  0.00257353  0.00257328  0.00257311  0.00257299  0.00257291  0.00257285  0.00257281  0.00257278  0.00257277  0.00257275  0.00257274  0.00257274  0.00257273  0.00257273  0.00257273  0.00257273  0.00257273  0.00257272
 0.00259459  0.00258786   0.0025832  0.00257998  0.00257775  0.00257621  0.00257514   0.0025744  0.00257388  0.00257353  0.00257328  0.00257311  0.00257299  0.00257291  0.00257285  0.00257281  0.00257278  0.00257277  0.00257275  0.00257274  0.00257274  0.00257273  0.00257273  0.00257273  0.00257273  0.00257273  0.00257272
 0.00259459  0.00258786   0.0025832  0.00257998  0.00257775  0.00257621  0.00257514   0.0025744  0.00257388  0.00257353  0.00257328  0.00257311  0.00257299  0.00257291  0.00257285  0.00257281  0.00257278  0.00257277  0.00257275  0.00257274  0.00257274  0.00257273  0.00257273  0.00257273  0.00257273  0.00257273  0.00257272
 0.00376984  0.00375672  0.00374765  0.00374138  0.00373704  0.00373404  0.00373196  0.00373052  0.00372952  0.00372883  0.00372835  0.00372802  0.00372779  0.00372763  0.00372752  0.00372744  0.00372739  0.00372735  0.00372733  0.00372731   0.0037273  0.00372729  0.00372728  0.00372728  0.00372728  0.00372727  0.00372727
 0.00376984  0.00375672  0.00374765  0.00374138  0.00373704  0.00373404  0.00373196  0.00373052  0.00372952  0.00372883  0.00372835  0.00372802  0.00372779  0.00372763  0.00372752  0.00372744  0.00372739  0.00372735  0.00372733  0.00372731   0.0037273  0.00372729  0.00372728  0.00372728  0.00372728  0.00372727  0.00372727
 0.00376984  0.00375672  0.00374765  0.00374138  0.00373704  0.00373404  0.00373196  0.00373052  0.00372952  0.00372883  0.00372835  0.00372802  0.00372779  0.00372763  0.00372752  0.00372744  0.00372739  0.00372735  0.00372733  0.00372731   0.0037273  0.00372729  0.00372728  0.00372728  0.00372728  0.00372727  0.00372727
 0.00376984  0.00375672  0.00374765  0.00374138  0.00373704  0.00373404  0.00373196  0.00373052  0.00372952  0.00372883  0.00372835  0.00372802  0.00372779  0.00372763  0.00372752  0.00372744  0.00372739  0.00372735  0.00372733  0.00372731   0.0037273  0.00372729  0.00372728  0.00372728  0.00372728  0.00372727  0.00372727
 0.00376984  0.00375672  0.00374765  0.00374138  0.00373704  0.00373404  0.00373196  0.00373052  0.00372952  0.00372883  0.00372835  0.00372802  0.00372779  0.00372763  0.00372752  0.00372744  0.00372739  0.00372735  0.00372733  0.00372731   0.0037273  0.00372729  0.00372728  0.00372728  0.00372728  0.00372727  0.00372727
 0.00578523  0.00576075  0.00574384  0.00573216  0.00572407  0.00571848   0.0057146  0.00571192  0.00571006  0.00570877  0.00570788  0.00570726  0.00570683  0.00570653  0.00570633  0.00570619  0.00570609  0.00570602  0.00570597  0.00570594  0.00570591   0.0057059  0.00570589  0.00570588  0.00570588  0.00570587  0.00570587
 0.00578523  0.00576075  0.00574384  0.00573216  0.00572407  0.00571848   0.0057146  0.00571192  0.00571006  0.00570877  0.00570788  0.00570726  0.00570683  0.00570653  0.00570633  0.00570619  0.00570609  0.00570602  0.00570597  0.00570594  0.00570591   0.0057059  0.00570589  0.00570588  0.00570588  0.00570587  0.00570587
 0.00578523  0.00576075  0.00574384  0.00573216  0.00572407  0.00571848   0.0057146  0.00571192  0.00571006  0.00570877  0.00570788  0.00570726  0.00570683  0.00570653  0.00570633  0.00570619  0.00570609  0.00570602  0.00570597  0.00570594  0.00570591   0.0057059  0.00570589  0.00570588  0.00570588  0.00570587  0.00570587
 0.00578523  0.00576075  0.00574384  0.00573216  0.00572407  0.00571848   0.0057146  0.00571192  0.00571006  0.00570877  0.00570788  0.00570726  0.00570683  0.00570653  0.00570633  0.00570619  0.00570609  0.00570602  0.00570597  0.00570594  0.00570591   0.0057059  0.00570589  0.00570588  0.00570588  0.00570587  0.00570587
 0.00578523  0.00576075  0.00574384  0.00573216  0.00572407  0.00571848   0.0057146  0.00571192  0.00571006  0.00570877  0.00570788  0.00570726  0.00570683  0.00570653  0.00570633  0.00570619  0.00570609  0.00570602  0.00570597  0.00570594  0.00570591   0.0057059  0.00570589  0.00570588  0.00570588  0.00570587  0.00570587
  0.0101717   0.0101304   0.0101019   0.0100821   0.0100685   0.0100591   0.0100525    0.010048   0.0100449   0.0100427   0.0100412   0.0100401   0.0100394   0.0100389   0.0100386   0.0100383   0.0100382    0.010038    0.010038   0.0100379   0.0100379   0.0100378   0.0100378   0.0100378   0.0100378   0.0100378   0.0100378
  0.0101717   0.0101304   0.0101019   0.0100821   0.0100685   0.0100591   0.0100525    0.010048   0.0100449   0.0100427   0.0100412   0.0100401   0.0100394   0.0100389   0.0100386   0.0100383   0.0100382    0.010038    0.010038   0.0100379   0.0100379   0.0100378   0.0100378   0.0100378   0.0100378   0.0100378   0.0100378
  0.0101717   0.0101304   0.0101019   0.0100821   0.0100685   0.0100591   0.0100525    0.010048   0.0100449   0.0100427   0.0100412   0.0100401   0.0100394   0.0100389   0.0100386   0.0100383   0.0100382    0.010038    0.010038   0.0100379   0.0100379   0.0100378   0.0100378   0.0100378   0.0100378   0.0100378   0.0100378
  0.0101717   0.0101304   0.0101019   0.0100821   0.0100685   0.0100591   0.0100525    0.010048   0.0100449   0.0100427   0.0100412   0.0100401   0.0100394   0.0100389   0.0100386   0.0100383   0.0100382    0.010038    0.010038   0.0100379   0.0100379   0.0100378   0.0100378   0.0100378   0.0100378   0.0100378   0.0100378
  0.0101717   0.0101304   0.0101019   0.0100821   0.0100685   0.0100591   0.0100525    0.010048   0.0100449   0.0100427   0.0100412   0.0100401   0.0100394   0.0100389   0.0100386   0.0100383   0.0100382    0.010038    0.010038   0.0100379   0.0100379   0.0100378   0.0100378   0.0100378   0.0100378   0.0100378   0.0100378
  0.0199189   0.0198491   0.0198008   0.0197674   0.0197443   0.0197284   0.0197173   0.0197096   0.0197043   0.0197006   0.0196981   0.0196963   0.0196951   0.0196942   0.0196936   0.0196932   0.0196929   0.0196927   0.0196926   0.0196925   0.0196925   0.0196924   0.0196924   0.0196924   0.0196923   0.0196923   0.0196923
  0.0199189   0.0198491   0.0198008   0.0197674   0.0197443   0.0197284   0.0197173   0.0197096   0.0197043   0.0197006   0.0196981   0.0196963   0.0196951   0.0196942   0.0196936   0.0196932   0.0196929   0.0196927   0.0196926   0.0196925   0.0196925   0.0196924   0.0196924   0.0196924   0.0196923   0.0196923   0.0196923
  0.0199189   0.0198491   0.0198008   0.0197674   0.0197443   0.0197284   0.0197173   0.0197096   0.0197043   0.0197006   0.0196981   0.0196963   0.0196951   0.0196942   0.0196936   0.0196932   0.0196929   0.0196927   0.0196926   0.0196925   0.0196925   0.0196924   0.0196924   0.0196924   0.0196923   0.0196923   0.0196923
  0.0199189   0.0198491   0.0198008   0.0197674   0.0197443   0.0197284   0.0197173   0.0197096   0.0197043   0.0197006   0.0196981   0.0196963   0.0196951   0.0196942   0.0196936   0.0196932   0.0196929   0.0196927   0.0196926   0.0196925   0.0196925   0.0196924   0.0196924   0.0196924   0.0196923   0.0196923   0.0196923
  0.0199189   0.0198491   0.0198008   0.0197674   0.0197443   0.0197284   0.0197173   0.0197096   0.0197043   0.0197006   0.0196981   0.0196963   0.0196951   0.0196942   0.0196936   0.0196932   0.0196929   0.0196927   0.0196926   0.0196925   0.0196925   0.0196924   0.0196924   0.0196924   0.0196923   0.0196923   0.0196923
  0.0382477   0.0381441   0.0380725    0.038023   0.0379887   0.0379649   0.0379485   0.0379371   0.0379292   0.0379237   0.0379199   0.0379173   0.0379155   0.0379142   0.0379133   0.0379127   0.0379123    0.037912   0.0379118   0.0379117   0.0379116   0.0379115   0.0379115   0.0379114   0.0379114   0.0379114   0.0379114
  0.0382477   0.0381441   0.0380725    0.038023   0.0379887   0.0379649   0.0379485   0.0379371   0.0379292   0.0379237   0.0379199   0.0379173   0.0379155   0.0379142   0.0379133   0.0379127   0.0379123    0.037912   0.0379118   0.0379117   0.0379116   0.0379115   0.0379115   0.0379114   0.0379114   0.0379114   0.0379114
  0.0382477   0.0381441   0.0380725    0.038023   0.0379887   0.0379649   0.0379485   0.0379371   0.0379292   0.0379237   0.0379199   0.0379173   0.0379155   0.0379142   0.0379133   0.0379127   0.0379123    0.037912   0.0379118   0.0379117   0.0379116   0.0379115   0.0379115   0.0379114   0.0379114   0.0379114   0.0379114
  0.0382477   0.0381441   0.0380725    0.038023   0.0379887   0.0379649   0.0379485   0.0379371   0.0379292   0.0379237   0.0379199   0.0379173   0.0379155   0.0379142   0.0379133   0.0379127   0.0379123    0.037912   0.0379118   0.0379117   0.0379116   0.0379115   0.0379115   0.0379114   0.0379114   0.0379114   0.0379114
  0.0382477   0.0381441   0.0380725    0.038023   0.0379887   0.0379649   0.0379485   0.0379371   0.0379292   0.0379237   0.0379199   0.0379173   0.0379155   0.0379142   0.0379133   0.0379127   0.0379123    0.037912   0.0379118   0.0379117   0.0379116   0.0379115   0.0379115   0.0379114   0.0379114   0.0379114   0.0379114
  0.0984491   0.0983305   0.0982484   0.0981915   0.0981522   0.0981249    0.098106   0.0980929   0.0980838   0.0980775   0.0980731   0.0980701    0.098068   0.0980666   0.0980656   0.0980649   0.0980644   0.0980641   0.0980638   0.0980637   0.0980635   0.0980635   0.0980634   0.0980634   0.0980634   0.0980633   0.0980633
          0           0           0           0           0           0           0           0           0           0           0           0           0           0           0           0           0           0           0           0           0           0           0           0           0           0           0

Final population matrix after death forecast:
-1 -1 -1 -1 -1 -1 -1 -1 -1 -1 -1 -1 -1 -1 -1 -1 -1 -1 -1 -1 -1 -1 -1 -1 -1 -1 -1
 1  1  1  1  1  1  1  1  1  1  1  1  1  1  1  1  1  1  1  1  1  1  1  1  1  1  1
 2  2  2  2  2  2  2  2  2  2  2  2  2  2  2  2  2  2  2  2  2  2  2  2  2  2  2
 3  3  3  3  3  3  3  3  3  3  3  3  3  3  3  3  3  3  3  3  3  3  3  3  3  3  3
 4  4  4  4  4  4  4  4  4  4  4  4  4  4  4  4  4  4  4  4  4  4  4  4  4  4  4
 5  5  5  5  5  5  5  5  5  5  5  5  5  5  5  5  5  5  5  5  5  5  5  5  5  5  5
 6  6  6  6  6  6  6  6  6  6  6  6  6  6  6  6  6  6  6  6  6  6  6  6  6  6  6
 7  7  7  7  7  7  7  7  7  7  7  7  7  7  7  7  7  7  7  7  7  7  7  7  7  7  7
 8  8  8  8  8  8  8  8  8  8  8  8  8  8  8  8  8  8  8  8  8  8  8  8  8  8  8
 9  9  9  9  9  9  9  9  9  9  9  9  9  9  9  9  9  9  9  9  9  9  9  9  9  9  9
10 10 10 10 10 10 10 10 10 10 10 10 10 10 10 10 10 10 10 10 10 10 10 10 10 10 10
11 11 11 11 11 11 11 11 11 11 11 11 11 11 11 11 11 11 11 11 11 11 11 11 11 11 11
12 12 12 12 12 12 12 12 12 12 12 12 12 12 12 12 12 12 12 12 12 12 12 12 12 12 12
13 13 13 13 13 13 13 13 13 13 13 13 13 13 13 13 13 13 13 13 13 13 13 13 13 13 13
14 14 14 14 14 14 14 14 14 14 14 14 14 14 14 14 14 14 14 14 14 14 14 14 14 14 14
15 15 15 15 15 15 15 15 15 15 15 15 15 15 15 15 15 15 15 15 15 15 15 15 15 15 15
16 16 16 16 16 16 16 16 16 16 16 16 16 16 16 16 16 16 16 16 16 16 16 16 16 16 16
17 17 17 17 17 17 17 17 17 17 17 17 17 17 17 17 17 17 17 17 17 17 17 17 17 17 17
18 18 18 18 18 18 18 18 18 18 18 18 18 18 18 18 18 18 18 18 18 18 18 18 18 18 18
19 19 19 19 19 19 19 19 19 19 19 19 19 19 19 19 19 19 19 19 19 19 19 19 19 19 19
20 20 20 20 20 20 20 20 20 20 20 20 20 20 20 20 20 20 20 20 20 20 20 20 20 20 20
21 21 21 21 21 21 21 21 21 21 21 21 21 21 21 21 21 21 21 21 21 21 21 21 21 21 21
22 22 22 22 22 22 22 22 22 22 22 22 22 22 22 22 22 22 22 22 22 22 22 22 22 22 22
23 23 23 23 23 23 23 23 23 23 23 23 23 23 23 23 23 23 23 23 23 23 23 23 23 23 23
24 24 24 24 24 24 24 24 24 24 24 24 24 24 24 24 24 24 24 24 24 24 24 24 24 24 24
25 25 25 25 25 25 25 25 25 25 25 25 25 25 25 25 25 25 25 25 25 25 25 25 25 25 25
26 26 26 26 26 26 26 26 26 26 26 26 26 26 26 26 26 26 26 26 26 26 26 26 26 26 26
27 27 27 27 27 27 27 27 27 27 27 27 27 27 27 27 27 27 27 27 27 27 27 27 27 27 27
28 28 28 28 28 28 28 28 28 28 28 28 28 28 28 28 28 28 28 28 28 28 28 28 28 28 28
29 29 29 29 29 29 29 29 29 29 29 29 29 29 29 29 29 29 29 29 29 29 29 29 29 29 29
30 30 30 30 30 30 30 30 30 30 30 30 30 30 30 30 30 30 30 30 30 30 30 30 30 30 30
31 31 31 31 31 31 31 31 31 31 31 31 31 31 31 31 31 31 31 31 31 31 31 31 31 31 31
32 32 32 32 32 32 32 32 32 32 32 32 32 32 32 32 32 32 32 32 32 32 32 32 32 32 32
33 33 33 33 33 33 33 33 33 33 33 33 33 33 33 33 33 33 33 33 33 33 33 33 33 33 33
34 34 34 34 34 34 34 34 34 34 34 34 34 34 34 34 34 34 34 34 34 34 34 34 34 34 34
35 35 35 35 35 35 35 35 35 35 35 35 35 35 35 35 35 35 35 35 35 35 35 35 35 35 35
36 36 36 36 36 36 36 36 36 36 36 36 36 36 36 36 36 36 36 36 36 36 36 36 36 36 36
37 37 37 37 37 37 37 37 37 37 37 37 37 37 37 37 37 37 37 37 37 37 37 37 37 37 37
38 38 38 38 38 38 38 38 38 38 38 38 38 38 38 38 38 38 38 38 38 38 38 38 38 38 38
39 39 39 39 39 39 39 39 39 39 39 39 39 39 39 39 39 39 39 39 39 39 39 39 39 39 39
40 40 40 40 40 40 40 40 40 40 40 40 40 40 40 40 40 40 40 40 40 40 40 40 40 40 40
41 41 41 41 41 41 41 41 41 41 41 41 41 41 41 41 41 41 41 41 41 41 41 41 41 41 41
42 42 42 42 42 42 42 42 42 42 42 42 42 42 42 42 42 42 42 42 42 42 42 42 42 42 42
43 43 43 43 43 43 43 43 43 43 43 43 43 43 43 43 43 43 43 43 43 43 43 43 43 43 43
44 44 44 44 44 44 44 44 44 44 44 44 44 44 44 44 44 44 44 44 44 44 44 44 44 44 44
45 45 45 45 45 45 45 45 45 45 45 45 45 45 45 45 45 45 45 45 45 45 45 45 45 45 45
46 46 46 46 46 46 46 46 46 46 46 46 46 46 46 46 46 46 46 46 46 46 46 46 46 46 46
47 47 47 47 47 47 47 47 47 47 47 47 47 47 47 47 47 47 47 47 47 47 47 47 47 47 47
48 48 48 48 48 48 48 48 48 48 48 48 48 48 48 48 48 48 48 48 48 48 48 48 48 48 48
49 49 49 49 49 49 49 49 49 49 49 49 49 49 49 49 49 49 49 49 49 49 49 49 49 49 49
50 50 50 50 50 50 50 50 50 50 50 50 50 50 50 50 50 50 50 50 -1 -1 -1 -1 -1 -1 -1
51 51 51 51 51 51 51 51 51 51 51 51 51 51 51 51 51 51 51 51 51 51 51 51 51 51 51
52 52 52 52 52 52 52 52 52 52 52 52 52 52 52 52 52 52 52 52 52 52 52 52 52 52 52
53 53 53 53 53 53 53 53 53 53 53 53 53 53 53 53 53 53 53 53 53 53 53 53 53 53 53
54 54 54 54 54 54 54 54 54 54 54 54 54 54 54 54 54 54 54 54 54 54 54 54 54 54 54
55 55 55 55 55 55 55 55 55 55 55 55 55 55 55 55 55 55 55 55 55 55 55 55 55 55 55
56 56 56 56 56 56 56 56 56 56 56 56 56 56 56 56 56 56 56 56 56 56 56 56 56 56 56
57 57 57 57 57 57 57 57 57 57 57 57 57 57 57 57 57 57 57 57 57 57 57 57 57 57 57
58 58 58 58 58 58 58 58 58 58 58 58 58 58 58 58 58 58 58 58 58 58 58 58 58 58 58
59 59 59 59 59 59 59 59 59 59 59 -1 -1 -1 -1 -1 -1 -1 -1 -1 -1 -1 -1 -1 -1 -1 -1
60 60 60 60 60 60 60 60 60 60 60 60 60 60 60 60 60 60 60 60 60 60 60 60 60 60 60
61 61 61 61 61 61 61 61 61 61 61 61 61 61 61 61 61 61 61 61 61 61 61 61 61 61 61
62 62 62 62 62 62 62 62 62 62 62 62 62 62 62 62 62 62 62 62 62 62 62 62 62 62 62
63 63 63 63 63 63 63 63 63 63 63 63 63 63 63 63 63 63 63 63 63 63 63 63 63 63 63
64 64 64 64 64 64 64 64 64 64 64 64 64 64 64 64 64 64 64 64 64 64 64 64 64 64 64
65 65 65 65 65 65 65 65 65 65 65 65 65 65 65 65 65 65 65 65 65 65 65 65 65 65 65
66 66 66 66 66 66 66 66 66 66 66 66 66 66 66 66 66 66 66 66 66 66 66 66 66 66 66
67 67 67 67 67 67 67 67 67 67 67 67 67 67 67 67 67 67 67 67 67 67 67 67 67 67 67
68 68 68 68 68 68 68 68 68 68 68 68 68 68 68 68 68 68 68 68 68 68 68 68 68 68 68
69 69 69 69 69 69 69 69 69 69 69 69 69 69 69 69 69 69 69 69 69 69 69 69 69 69 69
70 70 70 70 70 70 70 70 70 70 70 70 70 70 70 70 70 70 70 70 70 70 70 70 70 70 70
71 71 71 71 71 71 71 71 71 71 71 71 71 71 71 71 71 71 71 71 71 71 71 71 71 71 71
72 72 72 72 72 72 72 72 72 72 72 72 72 72 72 72 72 72 72 72 72 72 72 72 72 72 72
73 73 73 73 73 73 73 73 73 73 73 73 73 73 73 73 73 73 73 73 73 73 73 73 73 73 73
74 74 74 74 74 74 74 74 74 74 74 74 74 74 74 74 -1 -1 -1 -1 -1 -1 -1 -1 -1 -1 -1
75 75 75 75 75 75 75 75 75 75 75 75 75 75 -1 -1 -1 -1 -1 -1 -1 -1 -1 -1 -1 -1 -1
76 76 -1 -1 -1 -1 -1 -1 -1 -1 -1 -1 -1 -1 -1 -1 -1 -1 -1 -1 -1 -1 -1 -1 -1 -1 -1
77 77 -1 -1 -1 -1 -1 -1 -1 -1 -1 -1 -1 -1 -1 -1 -1 -1 -1 -1 -1 -1 -1 -1 -1 -1 -1
78 78 78 78 78 78 78 78 78 78 78 78 78 78 78 78 78 78 78 78 78 78 78 78 78 78 78
79 79 79 79 79 79 79 79 79 79 79 79 79 79 79 79 79 79 79 79 79 79 79 79 79 79 79
80 80 80 80 80 -1 -1 -1 -1 -1 -1 -1 -1 -1 -1 -1 -1 -1 -1 -1 -1 -1 -1 -1 -1 -1 -1
81 81 81 81 81 81 81 81 81 81 81 81 81 81 81 81 81 81 81 81 81 81 81 81 81 -1 -1
-1 -1 -1 -1 -1 -1 -1 -1 -1 -1 -1 -1 -1 -1 -1 -1 -1 -1 -1 -1 -1 -1 -1 -1 -1 -1 -1
83 83 83 83 83 83 83 83 83 83 83 83 83 83 83 83 83 83 83 83 83 83 83 83 83 83 83
84 84 84 84 84 84 84 84 84 84 84 84 84 84 84 84 84 84 84 84 84 84 84 84 84 84 84
85 -1 -1 -1 -1 -1 -1 -1 -1 -1 -1 -1 -1 -1 -1 -1 -1 -1 -1 -1 -1 -1 -1 -1 -1 -1 -1
-1 -1 -1 -1 -1 -1 -1 -1 -1 -1 -1 -1 -1 -1 -1 -1 -1 -1 -1 -1 -1 -1 -1 -1 -1 -1 -1
